// Jest Snapshot v1, https://goo.gl/fbAQLP

exports[`Home should render initial component 1`] = `
<div>
  <v-jumbotron dark="" gradient="to bottom, #006fc9, #66c0ff" height="auto">
    <v-container fill-height="" class="pt-5 pb-5">
      <v-layout justify-center="" align-center="" wrap="">
        <img src="/assets/images/logo.svg" alt="Logo" width="300" height="300">
        <v-flex shrink="" class="text-xs-center text-md-left">
          <div class="display-3">Oh My Vue</div>
          <div class="subheading">Web Fundamentals • Firebase Platform • Google Cloud</div>
          <v-divider class="my-3"></v-divider>
          <v-btn large="" color="white" to="/overview" class="primary--text ml-0">See more</v-btn>
          <v-btn color="white" href="https://github.com/Shyam-Chen/Vue-Fullstack-Starter" large="" outline="" target="_blank" rel="noopener">
            <v-icon left="">fa fa-github</v-icon>
            GitHub
          </v-btn>
          <v-btn color="white" href="https://github.com/Shyam-Chen/Vue-Fullstack-Template" large="" outline="" target="_blank" rel="noopener">
            <v-icon left="">fa fa-file-code-o</v-icon>
            Template
          </v-btn>
        </v-flex>
      </v-layout>
    </v-container>
  </v-jumbotron>
  <v-container fill-height="" class="mt-5 mb-3">
    <v-layout row="" justify-center="" wrap="">
      <div class="pa-3 grid">
        <svg width="100%" height="100%" viewBox="0 0 402 328" xmlns="http://www.w3.org/2000/svg" xmlns:xlink="http://www.w3.org/1999/xlink" preserveAspectRatio="xMidYMid meet">
          <defs>
            <circle id="sza-b" cx="19.5" cy="19.5" r="19.5"></circle>
            <filter id="sza-a" x="-50%" y="-50%" width="200%" height="200%" filterUnits="objectBoundingBox">
              <feoffset dy="2" in="SourceAlpha" result="shadowOffsetOuter1"></feoffset>
              <fegaussianblur stdDeviation=".5" in="shadowOffsetOuter1" result="shadowBlurOuter1"></fegaussianblur>
              <fecolormatrix values="0 0 0 0 0 0 0 0 0 0 0 0 0 0 0 0 0 0 0.115913723 0" in="shadowBlurOuter1"></fecolormatrix>
            </filter>
            <rect id="sza-d" width="96" height="39" rx="1.331"></rect>
            <filter id="sza-c" x="-50%" y="-50%" width="200%" height="200%" filterUnits="objectBoundingBox">
              <feoffset dy="2" in="SourceAlpha" result="shadowOffsetOuter1"></feoffset>
              <fegaussianblur stdDeviation=".5" in="shadowOffsetOuter1" result="shadowBlurOuter1"></fegaussianblur>
              <fecolormatrix values="0 0 0 0 0 0 0 0 0 0 0 0 0 0 0 0 0 0 0.115913723 0" in="shadowBlurOuter1"></fecolormatrix>
            </filter>
            <rect id="sza-f" width="96" height="39" rx="1.331"></rect>
            <filter id="sza-e" x="-50%" y="-50%" width="200%" height="200%" filterUnits="objectBoundingBox">
              <feoffset dy="2" in="SourceAlpha" result="shadowOffsetOuter1"></feoffset>
              <fegaussianblur stdDeviation=".5" in="shadowOffsetOuter1" result="shadowBlurOuter1"></fegaussianblur>
              <fecolormatrix values="0 0 0 0 0 0 0 0 0 0 0 0 0 0 0 0 0 0 0.115913723 0" in="shadowBlurOuter1"></fecolormatrix>
            </filter>
            <rect id="sza-h" width="43" height="17" rx="8.5"></rect>
            <filter id="sza-g" x="-50%" y="-50%" width="200%" height="200%" filterUnits="objectBoundingBox">
              <feoffset dy="2" in="SourceAlpha" result="shadowOffsetOuter1"></feoffset>
              <fegaussianblur stdDeviation=".5" in="shadowOffsetOuter1" result="shadowBlurOuter1"></fegaussianblur>
              <fecolormatrix values="0 0 0 0 0 0 0 0 0 0 0 0 0 0 0 0 0 0 0.12 0" in="shadowBlurOuter1"></fecolormatrix>
            </filter>
            <path id="sza-j" d="M0 0h156v23H0z"></path>
            <filter id="sza-i" x="-50%" y="-50%" width="200%" height="200%" filterUnits="objectBoundingBox">
              <feoffset dy="2" in="SourceAlpha" result="shadowOffsetOuter1"></feoffset>
              <fegaussianblur stdDeviation=".5" in="shadowOffsetOuter1" result="shadowBlurOuter1"></fegaussianblur>
              <fecolormatrix values="0 0 0 0 0 0 0 0 0 0 0 0 0 0 0 0 0 0 0.12 0" in="shadowBlurOuter1"></fecolormatrix>
            </filter>
          </defs>
          <g fill="none" fill-rule="evenodd">
            <path d="M231.98 316c-7.168 0-12.98-5.887-12.98-13.147V32.147C219 24.885 224.812 19 231.98 19h141.038C380.188 19 386 24.885 386 32.147v270.706c0 7.26-5.812 13.147-12.982 13.147H231.98zm-.06-257.655h142.043v210.28H231.92V58.345z" stroke="#1E88E5"
              stroke-width="1.1" fill="#FFF" class="docs-svg-primary-light-20-stroke"></path>
            <path d="M318.45 39.056h-31.953c-1.379 0-2.497-1.132-2.497-2.529 0-1.396 1.118-2.527 2.497-2.527h31.953c1.379 0 2.497 1.13 2.497 2.527 0 1.397-1.118 2.53-2.497 2.53z" fill-opacity=".522" fill="#1E88E5" class="docs-svg-primary-light-20-fill"></path>
            <path d="M312.875 291.471c0 5.783-4.673 10.471-10.438 10.471-5.764 0-10.437-4.688-10.437-10.47 0-5.784 4.673-10.472 10.438-10.472 5.764 0 10.437 4.688 10.437 10.471z" stroke="#1E88E5" stroke-width="1.1" class="docs-svg-primary-light-20-stroke"></path>
            <path fill-opacity=".2" fill="#1E88E5" d="M232 59h142v209H232z" class="docs-svg-primary-light-20-fill"></path>
            <g transform="translate(144 246)">
              <use fill="#000" filter="url(#sza-a)" xlink:href="#sza-b"></use>
              <use fill="#42A5F5" xlink:href="#sza-b" class="docs-svg-primary-fill"></use>
            </g>
            <text font-family="Roboto-Light, Roboto" font-size="29.04" font-weight="300" fill="#FFF" transform="translate(144 246)">
              <tspan x="11" y="30">+</tspan>
            </text>
            <g transform="translate(8 160)">
              <use fill="#000" filter="url(#sza-c)" xlink:href="#sza-d"></use>
              <use fill="#42A5F5" xlink:href="#sza-d" class="docs-svg-primary-fill"></use>
              <rect fill="#FFF" x="30" y="14" width="57" height="10" rx="2.662"></rect>
              <ellipse fill="#DDF6F9" cx="16" cy="20" rx="5" ry="5"></ellipse>
            </g>
            <g transform="translate(48 113)">
              <use fill="#000" filter="url(#sza-e)" xlink:href="#sza-f"></use>
              <use fill="#42A5F5" xlink:href="#sza-f" class="docs-svg-primary-fill"></use>
              <rect fill="#FFF" x="33" y="14" width="57" height="10" rx="2.662"></rect>
              <ellipse fill="#DDF6F9" cx="14" cy="19" rx="5" ry="5"></ellipse>
            </g>
            <g transform="translate(147 88)">
              <use fill="#000" filter="url(#sza-g)" xlink:href="#sza-h"></use>
              <use fill="#42A5F5" xlink:href="#sza-h" class="docs-svg-primary-fill"></use>
              <circle fill="#FFF" cx="9" cy="8" r="6"></circle>
            </g>
            <g transform="translate(12 55)">
              <use fill="#000" filter="url(#sza-i)" xlink:href="#sza-j"></use>
              <use fill="#42A5F5" xlink:href="#sza-j" class="docs-svg-primary-fill"></use>
            </g>
            <path d="M18 72h15v-2H18v2zm0-4h15v-2H18v2zm0-6v2h15v-2H18z" fill="#FFF"></path>
            <path d="M122 231h75v-4h-75v4zm0-7h75v-4h-75v4zm0-8h75v-4h-75v4zm0-7h75v-4h-75v4zm0-11v4h75v-4h-75z" fill="#42A5F5" class="docs-svg-primary-fill"></path>
          </g>
        </svg>
      </div>
      <div class="pa-3 grid">
        <v-layout row="" justify-center="" align-center="">
          <div>
            <div class="headline pb-2">Sprint from Zero to App</div>
            <div class="body-1">Hit the ground running with comprehensive, modern UI components that work across the web, mobile and desktop.</div>
          </div>
        </v-layout>
      </div>
    </v-layout>
  </v-container>
  <v-container fill-height="" class="mt-3 mb-3">
    <v-layout reverse="true" row="" justify-center="" wrap="">
      <div class="pa-3 grid">
        <svg height="100%" viewBox="0 0 402 251" width="100%" xmlns="http://www.w3.org/2000/svg" xmlns:xlink="http://www.w3.org/1999/xlink" preserveAspectRatio="xMidYMid meet">
          <defs>
            <rect id="fac-a" height="218" rx="4" width="367"></rect>
            <mask id="fac-d" fill="#fff" height="218" width="367" x="0" y="0">
              <use xlink:href="#fac-a"></use>
            </mask>
            <rect id="fac-b" height="180" rx="4" width="345"></rect>
            <mask id="fac-e" fill="#fff" height="180" width="345" x="0" y="0">
              <use xlink:href="#fac-b"></use>
            </mask>
            <lineargradient id="fac-f" x1="0%" x2="0%" y1="31.325%" y2="0%">
              <stop offset="0%" stop-color="#FFF" stop-opacity=".739"></stop>
              <stop offset="100%" stop-color="#FFF" stop-opacity="0"></stop>
            </lineargradient>
            <lineargradient id="fac-g" x1="14.641%" x2="77.092%" y1="0%" y2="79.931%">
              <stop offset="0%" stop-color="#1976D2" class="docs-svg-primary-light-40-stop-color"></stop>
              <stop offset="100%" stop-color="#64B5F6" stop-opacity=".152" class="docs-svg-primary-light-30-stop-color"></stop>
            </lineargradient>
            <path id="fac-c" d="M14.909 96.452c10.762 12.154 26.57 19.829 44.19 19.829 32.426 0 58.714-25.994 58.714-58.058 0-32.065-26.288-58.058-58.715-58.058C26.672.165.384 26.158.384 58.223c0 14.64 5.481 28.016 14.525 38.23z"></path>
            <mask id="fac-h" fill="#fff" height="116.116" width="117.428" x="0" y="0">
              <use xlink:href="#fac-c"></use>
            </mask>
            <mask id="fac-i" fill="#fff" height="116.116" width="117.428" x="0" y="0">
              <use xlink:href="#fac-c"></use>
            </mask>
          </defs>
          <g transform="translate(16 19)" fill="none" fill-rule="evenodd">
            <use xlink:href="#fac-a" mask="url(#fac-d)" fill="#FFF" stroke="#1E88E5" stroke-width="2.2" class="docs-svg-primary-light-20-stroke"></use>
            <path d="M338 18h14v-2h-14v2zm0-4h14v-2h-14v2zm0-6v2h14V8h-14z" fill="#42A5F5" class="docs-svg-primary-fill"></path>
            <g transform="translate(12 9)" fill="#42A5F5" class="docs-svg-primary-fill">
              <ellipse cx="2.471" cy="2.5" rx="2.471" ry="2.5"></ellipse>
              <ellipse cx="10.294" cy="2.5" rx="2.471" ry="2.5"></ellipse>
              <ellipse cx="18.529" cy="2.5" rx="2.471" ry="2.5"></ellipse>
            </g>
            <use xlink:href="#fac-b" mask="url(#fac-e)" fill="#BBDEFB" stroke="#1E88E5" stroke-width="2.2" stroke-opacity=".449" transform="translate(10 25)" class="docs-svg-primary-light-60-fill"></use>
            <path d="M180.976 126.3a5.75 5.75 0 0 1-1.596.786c-.504.214-1.184.39-1.942.242a5.44 5.44 0 0 1-4.35-2.543c-1.601-2.563-.787-5.962 1.82-7.59.33-.206.67-.374 1.02-.505 8.65-4.888 40.212-17.79 40.212-17.79 4.729-1.958 5.137-1.178.924 1.741 0 0-31.25 21.536-35.434 25.213a3.287 3.287 0 0 1-.654.446z"
              fill="#FFF"></path>
            <path d="M22.15 4.955l-3.628 9.452M32.5 9.687l-5.688 8.88M12.323 2.328l-1.92 9.88M.977.624L.624 10.683" stroke="url(#fac-f)" stroke-linecap="square" stroke-width="2.863" transform="translate(181.938 62.12)"></path>
            <g transform="translate(123 56)" mask="url(#fac-h)" stroke="url(#fac-g)" stroke-width="13.041">
              <use xlink:href="#fac-c" mask="url(#fac-i)"></use>
            </g>
          </g>
        </svg>
      </div>
      <div class="pa-3 grid">
        <v-layout row="" justify-center="" align-center="">
          <div>
            <div class="headline pb-2">Fast and Consistent</div>
            <div class="body-1">Finely tuned performance, because every millisecond counts. Fully tested across modern browsers.</div>
          </div>
        </v-layout>
      </div>
    </v-layout>
  </v-container>
  <v-container fill-height="" class="mt-3 mb-3">
    <v-layout row="" justify-center="" wrap="">
      <div class="pa-3 grid">
        <svg height="100%" viewBox="0 0 402 328" width="100%" xmlns="http://www.w3.org/2000/svg" xmlns:xlink="http://www.w3.org/1999/xlink" preserveAspectRatio="xMidYMid meet">
          <defs>
            <path id="ver-a" d="M30.567 93.044c2.031.002 5.332.004 7.354.004h268.402A3.672 3.672 0 0 1 310 96.723v77.554a3.681 3.681 0 0 1-3.677 3.675H37.921c-2.03 0-5.33.044-7.354.004 0 0-40.567 3.092-40.567-42.456s40.567-42.456 40.567-42.456z"></path>
            <mask id="ver-d" fill="#fff" height="85" width="320" x="0" y="0">
              <use xlink:href="#ver-a"></use>
            </mask>
            <lineargradient id="ver-e" x1="0%" y1="50%" y2="50%">
              <stop offset="0%" stop-color="#1E88E5" class="docs-svg-primary-light-20-stop-color"></stop>
              <stop offset="100%" stop-color="#E3F2FD"></stop>
            </lineargradient>
            <path id="ver-b" d="M45.567 53.044c2.031.002 5.332.004 7.354.004h268.402A3.672 3.672 0 0 1 325 56.723v77.554a3.681 3.681 0 0 1-3.677 3.675H52.921c-2.03 0-5.33.044-7.354.004 0 0-40.567 3.092-40.567-42.456s40.567-42.456 40.567-42.456z"></path>
            <mask id="ver-f" fill="#fff" height="85" width="320" x="0" y="0">
              <use xlink:href="#ver-b"></use>
            </mask>
            <path id="ver-c" d="M40.567.044c2.031.002 5.332.004 7.354.004h268.402A3.672 3.672 0 0 1 320 3.723v77.554a3.681 3.681 0 0 1-3.677 3.675H47.921c-2.03 0-5.33.044-7.354.004C40.567 84.956 0 88.048 0 42.5S40.567.044 40.567.044z"></path>
            <mask id="ver-g" fill="#fff" height="85" width="320" x="0" y="0">
              <use xlink:href="#ver-c"></use>
            </mask>
            <lineargradient id="ver-h" x1="3.561%" y1="50%" y2="50%">
              <stop offset="0%" stop-color="#1E88E5" class="docs-svg-primary-light-20-stop-color"></stop>
              <stop offset="100%" stop-color="#E3F2FD"></stop>
            </lineargradient>
          </defs>
          <g fill="none" fill-rule="evenodd">
            <g transform="rotate(11 15.855 164.657)">
              <use xlink:href="#ver-a" fill="#FFF" mask="url(#ver-d)" stroke="#1E88E5" stroke-width="2.529" transform="rotate(40 150 135.5)" class="docs-svg-primary-light-20-stroke"></use>
              <path d="M45 124h39.506v55H45v-55zm51.519 0h39.506v55H96.519v-55zm51.52 0h39.505v55h-39.506v-55zm52.687 0h39.506v55h-39.506v-55zm51.768 0H292v55h-39.506v-55z" fill="url(#ver-e)" transform="rotate(39 168.5 151.5)"></path>
            </g>
            <g transform="rotate(11 -14.609 208.89)">
              <use xlink:href="#ver-b" fill="#FFF" mask="url(#ver-f)" stroke="#1E88E5" stroke-width="2.529" transform="rotate(20 165 95.5)" class="docs-svg-primary-light-20-stroke"></use>
              <path d="M64 74h39.506v55H64V74zm51.519 0h39.506v55h-39.506V74zm51.52 0h39.505v55h-39.506V74zm52.687 0h39.506v55h-39.506V74zm51.768 0H311v55h-39.506V74z" fill="url(#ver-e)" transform="rotate(21 187.5 101.5)"></path>
            </g>
            <g transform="rotate(11 -69.536 235.047)">
              <use xlink:href="#ver-c" fill="#FFF" mask="url(#ver-g)" stroke="#1E88E5" stroke-width="2.529" class="docs-svg-primary-light-20-stroke"></use>
              <path d="M43 42c0 6.627-5.373 12-12 12s-12-5.373-12-12 5.373-12 12-12 12 5.373 12 12z" stroke="#1E88E5" stroke-width="1.264" class="docs-svg-primary-light-20-stroke"></path>
              <path d="M59 16h39.506v55H59V16zm51.519 0h39.506v55h-39.506V16zm51.52 0h39.505v55h-39.506V16zm52.687 0h39.506v55h-39.506V16zm51.768 0H306v55h-39.506V16z" fill="url(#ver-h)"></path>
            </g>
          </g>
        </svg>
      </div>
      <div class="pa-3 grid">
        <v-layout row="" justify-center="" align-center="">
          <div>
            <div class="headline pb-2">Versatile</div>
            <div class="body-1">Themable, for when you need to stay on brand or just have a favorite color. Accessible and internationalized so that all users are welcome.</div>
          </div>
        </v-layout>
      </div>
    </v-layout>
  </v-container>
  <v-container fill-height="" class="mt-3 mb-5">
    <v-layout reverse="true" row="" justify-center="" wrap="">
      <div class="pa-3 grid">
        <svg height="100%" viewBox="0 0 372 271" width="100%" xmlns="http://www.w3.org/2000/svg" xmlns:xlink="http://www.w3.org/1999/xlink" preserveAspectRatio="xMidYMid meet">
          <defs>
            <path id="opt-a" d="M0 38h39v39H0z"></path>
            <mask id="opt-y" fill="#fff" height="39" width="39" x="0" y="0">
              <use xlink:href="#opt-a"></use>
            </mask>
            <path id="opt-b" d="M37 38h39v39H37z"></path>
            <mask id="opt-z" fill="#fff" height="39" width="39" x="0" y="0">
              <use xlink:href="#opt-b"></use>
            </mask>
            <path id="opt-c" d="M0 0h39v39H0z"></path>
            <mask id="opt-A" fill="#fff" height="39" width="39" x="0" y="0">
              <use xlink:href="#opt-c"></use>
            </mask>
            <path id="opt-d" d="M37 0h39v39H37z"></path>
            <mask id="opt-B" fill="#fff" height="39" width="39" x="0" y="0">
              <use xlink:href="#opt-d"></use>
            </mask>
            <path id="opt-e" d="M75 38h39v39H75z"></path>
            <mask id="opt-C" fill="#fff" height="39" width="39" x="0" y="0">
              <use xlink:href="#opt-e"></use>
            </mask>
            <path id="opt-f" d="M38 38h39v39H38z"></path>
            <mask id="opt-D" fill="#fff" height="39" width="39" x="0" y="0">
              <use xlink:href="#opt-f"></use>
            </mask>
            <path id="opt-g" d="M0 38h39v39H0z"></path>
            <mask id="opt-E" fill="#fff" height="39" width="39" x="0" y="0">
              <use xlink:href="#opt-g"></use>
            </mask>
            <path id="opt-h" d="M0 0h39v39H0z"></path>
            <mask id="opt-F" fill="#fff" height="39" width="39" x="0" y="0">
              <use xlink:href="#opt-h"></use>
            </mask>
            <path id="opt-i" d="M75 38h39v39H75z"></path>
            <mask id="opt-G" fill="#fff" height="39" width="39" x="0" y="0">
              <use xlink:href="#opt-i"></use>
            </mask>
            <path id="opt-j" d="M38 38h39v39H38z"></path>
            <mask id="opt-H" fill="#fff" height="39" width="39" x="0" y="0">
              <use xlink:href="#opt-j"></use>
            </mask>
            <path id="opt-k" d="M38 0h39v39H38z"></path>
            <mask id="opt-I" fill="#fff" height="39" width="39" x="0" y="0">
              <use xlink:href="#opt-k"></use>
            </mask>
            <path id="opt-l" d="M0 0h39v39H0z"></path>
            <mask id="opt-J" fill="#fff" height="39" width="39" x="0" y="0">
              <use xlink:href="#opt-l"></use>
            </mask>
            <path id="opt-m" d="M0 74h39v39H0z"></path>
            <mask id="opt-K" fill="#fff" height="39" width="39" x="0" y="0">
              <use xlink:href="#opt-m"></use>
            </mask>
            <path id="opt-n" d="M38 37h39v39H38z"></path>
            <mask id="opt-L" fill="#fff" height="39" width="39" x="0" y="0">
              <use xlink:href="#opt-n"></use>
            </mask>
            <path id="opt-o" d="M0 37h39v39H0z"></path>
            <mask id="opt-M" fill="#fff" height="39" width="39" x="0" y="0">
              <use xlink:href="#opt-o"></use>
            </mask>
            <path id="opt-p" d="M0 0h39v39H0z"></path>
            <mask id="opt-N" fill="#fff" height="39" width="39" x="0" y="0">
              <use xlink:href="#opt-p"></use>
            </mask>
            <path id="opt-q" d="M75 38h39v39H75z"></path>
            <mask id="opt-O" fill="#fff" height="39" width="39" x="0" y="0">
              <use xlink:href="#opt-q"></use>
            </mask>
            <path id="opt-r" d="M38 38h39v39H38z"></path>
            <mask id="opt-P" fill="#fff" height="39" width="39" x="0" y="0">
              <use xlink:href="#opt-r"></use>
            </mask>
            <path id="opt-s" d="M0 38h39v39H0z"></path>
            <mask id="opt-Q" fill="#fff" height="39" width="39" x="0" y="0">
              <use xlink:href="#opt-s"></use>
            </mask>
            <path id="opt-t" d="M38 0h39v39H38z"></path>
            <mask id="opt-R" fill="#fff" height="39" width="39" x="0" y="0">
              <use xlink:href="#opt-t"></use>
            </mask>
            <path id="opt-u" d="M37 75h39v39H37z"></path>
            <mask id="opt-S" fill="#fff" height="39" width="39" x="0" y="0">
              <use xlink:href="#opt-u"></use>
            </mask>
            <path id="opt-v" d="M37 37h39v39H37z"></path>
            <mask id="opt-T" fill="#fff" height="39" width="39" x="0" y="0">
              <use xlink:href="#opt-v"></use>
            </mask>
            <path id="opt-w" d="M37 0h39v39H37z"></path>
            <mask id="opt-U" fill="#fff" height="39" width="39" x="0" y="0">
              <use xlink:href="#opt-w"></use>
            </mask>
            <path id="opt-x" d="M0 0h39v39H0z"></path>
            <mask id="opt-V" fill="#fff" height="39" width="39" x="0" y="0">
              <use xlink:href="#opt-x"></use>
            </mask>
          </defs>
          <g fill="none" fill-rule="evenodd" stroke="#1E88E5" stroke-width="2.662" class="docs-svg-primary-light-20-stroke">
            <g fill="#BBDEFB" transform="translate(7 175)" class="docs-svg-primary-light-85-fill">
              <use xlink:href="#opt-a" mask="url(#opt-y)"></use>
              <use xlink:href="#opt-b" mask="url(#opt-z)"></use>
              <use xlink:href="#opt-c" mask="url(#opt-A)"></use>
              <use xlink:href="#opt-d" mask="url(#opt-B)"></use>
            </g>
            <g fill="#0D47A1" transform="translate(81 175)" class="docs-svg-primary-dark-40-fill">
              <use xlink:href="#opt-e" mask="url(#opt-C)"></use>
              <use xlink:href="#opt-f" mask="url(#opt-D)"></use>
              <use xlink:href="#opt-g" mask="url(#opt-E)"></use>
              <use xlink:href="#opt-h" mask="url(#opt-F)"></use>
            </g>
            <g fill="#BBDEFB" transform="translate(81 63)" class="docs-svg-primary-light-80-fill">
              <use xlink:href="#opt-i" mask="url(#opt-G)"></use>
              <use xlink:href="#opt-j" mask="url(#opt-H)"></use>
              <use xlink:href="#opt-k" mask="url(#opt-I)"></use>
              <use xlink:href="#opt-l" mask="url(#opt-J)"></use>
            </g>
            <g fill="#BBDEFB" transform="translate(237 101)" class="docs-svg-primary-light-85-fill">
              <use xlink:href="#opt-m" mask="url(#opt-K)"></use>
              <use xlink:href="#opt-n" mask="url(#opt-L)"></use>
              <use xlink:href="#opt-o" mask="url(#opt-M)"></use>
              <use xlink:href="#opt-p" mask="url(#opt-N)"></use>
            </g>
            <g fill="#42A5F5" transform="translate(237 175)" class="docs-svg-primary-fill">
              <use xlink:href="#opt-q" mask="url(#opt-O)"></use>
              <use xlink:href="#opt-r" mask="url(#opt-P)"></use>
              <use xlink:href="#opt-s" mask="url(#opt-Q)"></use>
              <use xlink:href="#opt-t" mask="url(#opt-R)"></use>
            </g>
            <g fill="#0D47A1" transform="translate(278 13)" class="docs-svg-primary-dark-40-fill">
              <use xlink:href="#opt-u" mask="url(#opt-S)"></use>
              <use xlink:href="#opt-v" mask="url(#opt-T)"></use>
              <use xlink:href="#opt-w" mask="url(#opt-U)"></use>
              <use xlink:href="#opt-x" mask="url(#opt-V)"></use>
            </g>
          </g>
        </svg>
      </div>
      <div class="pa-3 grid">
        <v-layout row="" justify-center="" align-center="">
          <div>
            <div class="headline pb-2">Optimized for Vue</div>
            <div class="body-1">Built by the Vue community to integrate seamlessly with Vue.</div>
          </div>
        </v-layout>
      </div>
    </v-layout>
  </v-container>
  <v-container grid-list-xl="" class="mt-5 mb-5">
    <v-layout row="" justify-center="">
      <v-btn large="" color="primary" to="/overview">See more</v-btn>
    </v-layout>
  </v-container>
</div>
`;
