// Jest Snapshot v1, https://goo.gl/fbAQLP

exports[`UserList should render an initial component 1`] = `
<v-layout row="">
  <div>
    <v-list dense="" class="elevation-1">
      <v-subheader>User List</v-subheader>
      <v-list-tile avatar="">
        <v-list-tile-avatar>
          <img src="https://vuetifyjs.com/static/doc-images/lists/1.jpg">
        </v-list-tile-avatar>
        <v-list-tile-content>
          <v-list-tile-title>Jason Oner</v-list-tile-title>
          <v-list-tile-sub-title></v-list-tile-sub-title>
        </v-list-tile-content>
      </v-list-tile>
      <v-list-tile avatar="">
        <v-list-tile-avatar>
          <img src="https://vuetifyjs.com/static/doc-images/lists/2.jpg">
        </v-list-tile-avatar>
        <v-list-tile-content>
          <v-list-tile-title>Travis Howard</v-list-tile-title>
          <v-list-tile-sub-title></v-list-tile-sub-title>
        </v-list-tile-content>
      </v-list-tile>
      <v-list-tile avatar="">
        <v-list-tile-avatar>
          <img src="https://vuetifyjs.com/static/doc-images/lists/3.jpg">
        </v-list-tile-avatar>
        <v-list-tile-content>
          <v-list-tile-title>Ali Connors</v-list-tile-title>
          <v-list-tile-sub-title></v-list-tile-sub-title>
        </v-list-tile-content>
      </v-list-tile>
      <v-list-tile avatar="">
        <v-list-tile-avatar>
          <img src="https://vuetifyjs.com/static/doc-images/lists/4.jpg">
        </v-list-tile-avatar>
        <v-list-tile-content>
          <v-list-tile-title>Cindy Baker</v-list-tile-title>
          <v-list-tile-sub-title></v-list-tile-sub-title>
        </v-list-tile-content>
      </v-list-tile>
      <v-list-tile avatar="">
        <v-list-tile-avatar>
          <img src="https://vuetifyjs.com/static/doc-images/lists/5.jpg">
        </v-list-tile-avatar>
        <v-list-tile-content>
          <v-list-tile-title>Britta Holt</v-list-tile-title>
          <v-list-tile-sub-title></v-list-tile-sub-title>
        </v-list-tile-content>
      </v-list-tile>
    </v-list>
  </div>
</v-layout>
`;
