// Jest Snapshot v1, https://goo.gl/fbAQLP

exports[`App should render an initial component 1`] = `
<v-fade-transition-stub origin="top center 0" appear="">
  <v-app-stub id="app">
    <!---->
    <v-app-bar-stub dark="true" tag="header" tile="true" extensionheight="48" flat="true" src="" value="true" app="true" class="primary darken-1">
      <v-toolbar-title-stub class="o-toolbar-title">
        <!----> <a class="white--text o-router-link"><img src="/assets/images/logo.svg" alt="Logo" width="40" height="40" class="hidden-sm-and-down o-toolbar-image"> <span>Oh My Vue</span></a></v-toolbar-title-stub>
      <!---->
      <v-spacer-stub></v-spacer-stub>
      <v-toolbar-items-stub>
        <v-btn-stub tag="button" activeclass="" to="/overview" text="true" type="button">Overview</v-btn-stub>
        <v-menu-stub opendelay="0" closedelay="0" contentclass="" openonhover="true" maxwidth="auto" nudgebottom="0" nudgeleft="0" nudgeright="0" nudgetop="0" nudgewidth="0" openonclick="true" closeonclick="true" closeoncontentclick="true" maxheight="auto" offsety="true" origin="top left" transition="v-menu-transition">
          <v-list-stub tag="div" tile="true"></v-list-stub>
        </v-menu-stub>
      </v-toolbar-items-stub>
      <v-menu-stub opendelay="0" closedelay="0" contentclass="" bottom="true" left="true" maxwidth="auto" nudgebottom="0" nudgeleft="0" nudgeright="0" nudgetop="0" nudgewidth="0" openonclick="true" closeonclick="true" closeoncontentclick="true" maxheight="auto" origin="top left" transition="v-menu-transition">
        <v-list-stub tag="div" tile="true">
          <v-list-item-stub activeclass="" tag="div">
            <v-list-item-avatar-stub size="40" class="o-list-item-avatar">☀️</v-list-item-avatar-stub>
            <v-list-item-title-stub>Light Theme</v-list-item-title-stub>
          </v-list-item-stub>
          <v-list-item-stub activeclass="" tag="div">
            <v-list-item-avatar-stub size="40" class="o-list-item-avatar">🌙</v-list-item-avatar-stub>
            <v-list-item-title-stub>Dark Theme</v-list-item-title-stub>
          </v-list-item-stub>
        </v-list-stub>
      </v-menu-stub>
      <v-menu-stub opendelay="0" closedelay="0" contentclass="" bottom="true" left="true" maxwidth="auto" nudgebottom="0" nudgeleft="0" nudgeright="0" nudgetop="0" nudgewidth="0" openonclick="true" closeonclick="true" closeoncontentclick="true" maxheight="auto" origin="top left" transition="v-menu-transition">
        <v-list-stub tag="div" tile="true"></v-list-stub>
      </v-menu-stub>
      <v-btn-stub tag="button" activeclass="" to="/authorization/login" icon="true" type="button">
        <v-icon-stub>fas fa-user</v-icon-stub>
      </v-btn-stub>
    </v-app-bar-stub>
    <v-content-stub tag="main">
      <v-fade-transition-stub mode="out-in" origin="top center 0">
        <router-view-stub name="default"></router-view-stub>
      </v-fade-transition-stub>
      <v-footer-stub height="auto" tag="div" tile="true" class="pa-3 primary darken-1 white--text"><img src="/assets/images/logo.svg" alt="Logo" width="50" height="50">
        <v-layout-stub tag="div" fill-height="" justify-space-between="" align-center="" class="ml-3 mr-3">
          <div class="subheading"><a href="https://vuejs.org/" class="subheading pa-2 white--text o-router-link">Learn Vue</a></div>
          <div class="caption">Current Version: 2.6.10</div>
          <div class="caption text-xs-center">
            Powered by Oh My Vue ©2020. <br>
            Code licensed under an MIT-style License. <br>
            Documentation licensed under CC BY 4.0.
          </div>
        </v-layout-stub>
      </v-footer-stub>
    </v-content-stub>
  </v-app-stub>
</v-fade-transition-stub>
`;
