// Vitest Snapshot v1, https://vitest.dev/guide/snapshot.html

exports[`/general/buttons 1`] = `
"<nav class="rounded-md w-full">
  <ol class="list-reset flex">
    <li><span class="text-slate-500">Library</span></li>
    <li>
      <div class="mx-2 flex items-center h-full">/</div>
    </li>
    <li><span class="text-slate-500">General</span></li>
    <li>
      <div class="mx-2 flex items-center h-full">/</div>
    </li>
    <li><span class="text-slate-500">Button</span></li>
    <!--v-if-->
  </ol>
</nav>
<div class="my-4">
  <div class="text-4xl font-extrabold">Button</div>
</div>
<div class="my-8">
  <div class="text-3xl font-bold my-4">Basic</div>
  <div class="flex gap-4 my-4"><button data-v-54761eda="" type="button" class="Button contained primary small">
      <!--v-if-->
      <!--v-if-->Contained
      <!--v-if-->
    </button><button data-v-54761eda="" type="button" class="Button outlined primary small">
      <!--v-if-->
      <!--v-if-->Outlined
      <!--v-if-->
    </button><button data-v-54761eda="" type="button" class="Button text primary small">
      <!--v-if-->
      <!--v-if-->Text
      <!--v-if-->
    </button></div>
  <div class="flex gap-4 my-4"><button data-v-54761eda="" type="button" class="Button contained primary">
      <!--v-if-->
      <!--v-if-->Contained
      <!--v-if-->
    </button><button data-v-54761eda="" type="button" class="Button outlined primary">
      <!--v-if-->
      <!--v-if-->Outlined
      <!--v-if-->
    </button><button data-v-54761eda="" type="button" class="Button text primary">
      <!--v-if-->
      <!--v-if-->Text
      <!--v-if-->
    </button></div>
  <div class="flex gap-4 my-4"><button data-v-54761eda="" type="button" class="Button contained primary large">
      <!--v-if-->
      <!--v-if-->Contained
      <!--v-if-->
    </button><button data-v-54761eda="" type="button" class="Button outlined primary large">
      <!--v-if-->
      <!--v-if-->Outlined
      <!--v-if-->
    </button><button data-v-54761eda="" type="button" class="Button text primary large">
      <!--v-if-->
      <!--v-if-->Text
      <!--v-if-->
    </button></div>
</div>
<div class="my-8">
  <div class="text-3xl font-bold my-4 pt-6">Icons</div>
  <div class="flex gap-4 my-4"><button data-v-54761eda="" type="button" class="Button contained primary icon">
      <div data-v-54761eda="" class="i-material-symbols-add-rounded w-5 h-5"></div>
      <!--v-if-->
      <!--v-if-->
      <!--v-if-->
    </button><button data-v-54761eda="" type="button" class="Button contained primary prepend">
      <!--v-if-->
      <div data-v-54761eda="" class="i-material-symbols-search-rounded w-5 h-5"></div>Search
      <!--v-if-->
    </button><button data-v-54761eda="" type="button" class="Button contained primary append">
      <!--v-if-->
      <!--v-if-->Next<div data-v-54761eda="" class="i-material-symbols-arrow-right-alt-rounded w-5 h-5"></div>
    </button></div>
</div>
<div class="my-8">
  <div class="text-3xl font-bold my-4 pt-6">Disabled</div>
  <div class="flex gap-4 my-4"><button data-v-54761eda="" type="button" class="Button contained primary disabled" disabled="">
      <!--v-if-->
      <!--v-if-->Contained
      <!--v-if-->
    </button><button data-v-54761eda="" type="button" class="Button outlined primary disabled" disabled="">
      <!--v-if-->
      <!--v-if-->Outlined
      <!--v-if-->
    </button><button data-v-54761eda="" type="button" class="Button text primary disabled" disabled="">
      <!--v-if-->
      <!--v-if-->Text
      <!--v-if-->
    </button></div>
</div>
<div class="my-8">
  <div class="text-3xl font-bold my-4 pt-6">Loading</div><button data-v-54761eda="" type="button" class="Button contained primary prepend">
    <!--v-if-->
    <div data-v-54761eda="" class="i-material-symbols-search-rounded w-6 h-6"></div>Search
    <!--v-if-->
  </button>
</div>
<div class="my-8">
  <div class="text-3xl font-bold my-4 pt-6">Colors</div>
  <div class="flex gap-4 my-4"><button data-v-54761eda="" type="button" class="Button contained primary">
      <!--v-if-->
      <!--v-if-->Primary
      <!--v-if-->
    </button><button data-v-54761eda="" type="button" class="Button contained secondary">
      <!--v-if-->
      <!--v-if-->Secondary
      <!--v-if-->
    </button><button data-v-54761eda="" type="button" class="Button contained success">
      <!--v-if-->
      <!--v-if-->Success
      <!--v-if-->
    </button><button data-v-54761eda="" type="button" class="Button contained danger">
      <!--v-if-->
      <!--v-if-->Danger
      <!--v-if-->
    </button><button data-v-54761eda="" type="button" class="Button contained warning">
      <!--v-if-->
      <!--v-if-->Warning
      <!--v-if-->
    </button><button data-v-54761eda="" type="button" class="Button contained info">
      <!--v-if-->
      <!--v-if-->Info
      <!--v-if-->
    </button></div>
  <div class="flex gap-4 my-4"><button data-v-54761eda="" type="button" class="Button outlined primary">
      <!--v-if-->
      <!--v-if-->Primary
      <!--v-if-->
    </button><button data-v-54761eda="" type="button" class="Button outlined secondary">
      <!--v-if-->
      <!--v-if-->Secondary
      <!--v-if-->
    </button><button data-v-54761eda="" type="button" class="Button outlined success">
      <!--v-if-->
      <!--v-if-->Success
      <!--v-if-->
    </button><button data-v-54761eda="" type="button" class="Button outlined danger">
      <!--v-if-->
      <!--v-if-->Danger
      <!--v-if-->
    </button><button data-v-54761eda="" type="button" class="Button outlined warning">
      <!--v-if-->
      <!--v-if-->Warning
      <!--v-if-->
    </button><button data-v-54761eda="" type="button" class="Button outlined info">
      <!--v-if-->
      <!--v-if-->Info
      <!--v-if-->
    </button></div>
  <div class="flex gap-4 my-4"><button data-v-54761eda="" type="button" class="Button text primary">
      <!--v-if-->
      <!--v-if-->Primary
      <!--v-if-->
    </button><button data-v-54761eda="" type="button" class="Button text secondary">
      <!--v-if-->
      <!--v-if-->Secondary
      <!--v-if-->
    </button><button data-v-54761eda="" type="button" class="Button text success">
      <!--v-if-->
      <!--v-if-->Success
      <!--v-if-->
    </button><button data-v-54761eda="" type="button" class="Button text danger">
      <!--v-if-->
      <!--v-if-->Danger
      <!--v-if-->
    </button><button data-v-54761eda="" type="button" class="Button text warning">
      <!--v-if-->
      <!--v-if-->Warning
      <!--v-if-->
    </button><button data-v-54761eda="" type="button" class="Button text info">
      <!--v-if-->
      <!--v-if-->Info
      <!--v-if-->
    </button></div>
</div>
<div class="my-8">
  <div class="text-3xl font-bold my-4 pt-6">Template</div><button data-v-54761eda="" type="button" class="Button outlined primary"> Template <div data-v-cb727b1e="" class="flex">
      <div data-v-cb727b1e="" class="Chip primary">5
        <!--v-if-->
      </div>
    </div></button>
</div>
<div class="my-8">
  <div class="text-3xl font-bold my-4 pt-6">Button Group</div>
  <div data-v-496d006f="" class="ButtonGroup"><button data-v-54761eda="" type="button" class="Button contained primary">
      <!--v-if-->
      <!--v-if-->Year
      <!--v-if-->
    </button><button data-v-54761eda="" type="button" class="Button contained primary">
      <!--v-if-->
      <!--v-if-->Month
      <!--v-if-->
    </button><button data-v-54761eda="" type="button" class="Button contained primary">
      <!--v-if-->
      <!--v-if-->Week
      <!--v-if-->
    </button><button data-v-54761eda="" type="button" class="Button contained primary">
      <!--v-if-->
      <!--v-if-->Day
      <!--v-if-->
    </button></div>
  <div class="my-4">
    <div class="text-2xl font-semibold my-4 pt-2">Controlled</div>
    <div data-v-496d006f="" class="ButtonGroup"><button data-v-54761eda="" type="button" class="Button outlined primary">
        <!--v-if-->
        <!--v-if-->Year
        <!--v-if-->
      </button><button data-v-54761eda="" type="button" class="Button outlined primary">
        <!--v-if-->
        <!--v-if-->Month
        <!--v-if-->
      </button><button data-v-54761eda="" type="button" class="Button outlined primary">
        <!--v-if-->
        <!--v-if-->Week
        <!--v-if-->
      </button><button data-v-54761eda="" type="button" class="Button outlined primary">
        <!--v-if-->
        <!--v-if-->Day
        <!--v-if-->
      </button></div>
  </div>
</div>"
`;
