// Jest Snapshot v1, https://goo.gl/fbAQLP

exports[`ComputedProperties should render initial component 1`] = `
<v-layout column="" class="mt-1 mb-1">
  <div class="title mb-2">Computed Properties</div>
  <div>
    <div>Existing quantity: 372,900</div>
    <div>Required quantity: 435,900</div>
    <div>Percentage: 86%</div>
  </div>
</v-layout>
`;
