// Jest Snapshot v1, https://goo.gl/fbAQLP

exports[`UserList should render an initial component 1`] = `
<v-layout-stub tag="div" row="">
  <div>
    <v-list-stub tag="div" tile="true" dense="true" class="elevation-1">
      <v-subheader-stub>User List</v-subheader-stub>
      <v-list-item-stub activeclass="" tag="div" avatar="">
        <v-list-item-avatar-stub size="40"><img src="https://vuetifyjs.com/static/doc-images/lists/1.jpg"></v-list-item-avatar-stub>
        <v-list-item-content-stub>
          <v-list-item-title-stub></v-list-item-title-stub>
          <v-list-item-subtitle-stub></v-list-item-subtitle-stub>
        </v-list-item-content-stub>
      </v-list-item-stub>
      <v-list-item-stub activeclass="" tag="div" avatar="">
        <v-list-item-avatar-stub size="40"><img src="https://vuetifyjs.com/static/doc-images/lists/2.jpg"></v-list-item-avatar-stub>
        <v-list-item-content-stub>
          <v-list-item-title-stub></v-list-item-title-stub>
          <v-list-item-subtitle-stub></v-list-item-subtitle-stub>
        </v-list-item-content-stub>
      </v-list-item-stub>
      <v-list-item-stub activeclass="" tag="div" avatar="">
        <v-list-item-avatar-stub size="40"><img src="https://vuetifyjs.com/static/doc-images/lists/3.jpg"></v-list-item-avatar-stub>
        <v-list-item-content-stub>
          <v-list-item-title-stub></v-list-item-title-stub>
          <v-list-item-subtitle-stub></v-list-item-subtitle-stub>
        </v-list-item-content-stub>
      </v-list-item-stub>
      <v-list-item-stub activeclass="" tag="div" avatar="">
        <v-list-item-avatar-stub size="40"><img src="https://vuetifyjs.com/static/doc-images/lists/4.jpg"></v-list-item-avatar-stub>
        <v-list-item-content-stub>
          <v-list-item-title-stub></v-list-item-title-stub>
          <v-list-item-subtitle-stub></v-list-item-subtitle-stub>
        </v-list-item-content-stub>
      </v-list-item-stub>
      <v-list-item-stub activeclass="" tag="div" avatar="">
        <v-list-item-avatar-stub size="40"><img src="https://vuetifyjs.com/static/doc-images/lists/5.jpg"></v-list-item-avatar-stub>
        <v-list-item-content-stub>
          <v-list-item-title-stub></v-list-item-title-stub>
          <v-list-item-subtitle-stub></v-list-item-subtitle-stub>
        </v-list-item-content-stub>
      </v-list-item-stub>
    </v-list-stub>
  </div>
</v-layout-stub>
`;
