// Jest Snapshot v1, https://goo.gl/fbAQLP

exports[`Internationalization should render initial component 1`] = `
<v-container fluid="">
  <v-layout column="">
    <div class="headline">Internationalization</div>
    <v-layout row="">
      <v-btn>English</v-btn>
      <v-btn>中文</v-btn>
      <v-btn>日本語</v-btn>
    </v-layout>
    <v-layout row="">
      <p class="pl-2 pt-4">
        HTML formatting:
        <b class="primary--text">Bubble</b>
      </p>
    </v-layout>
    <v-layout row="">
      <p class="pl-2">
        Named formatting:
        <b class="primary--text">Hello, Vue!</b>
      </p>
    </v-layout>
    <v-layout row="">
      <p class="pl-2">
        List formatting:
        <b class="primary--text">Think in Vue</b>
      </p>
    </v-layout>
    <v-layout row="">
      <p class="pl-2">
        Pluralization:
        <b class="primary--text">https://google.com</b>
      </p>
    </v-layout>
    <v-layout row="">
      <p class="pl-2">
        Pluralizing i18n:
        <b class="primary--text">No framework</b>,
        <b class="primary--text">One framework</b>,
        <b class="primary--text">3 frameworks</b>
      </p>
    </v-layout>
  </v-layout>
</v-container>
`;
