// Jest Snapshot v1, https://goo.gl/fbAQLP

exports[`Internationalization should render initial component 1`] = `
<v-container fluid="">
  <v-layout column="">
    <div class="headline">Internationalization</div>
    <v-layout row="">
      <p class="pl-2 pt-4">
        HTML formatting:
        <b class="primary--text">bubble</b>
      </p>
    </v-layout>
    <v-layout row="">
      <p class="pl-2">
        Named formatting:
        <b class="primary--text">hello</b>
      </p>
    </v-layout>
    <v-layout row="">
      <p class="pl-2">
        List formatting:
        <b class="primary--text">thinkIn</b>
      </p>
    </v-layout>
    <v-layout row="">
      <p class="pl-2">
        Pluralization:
        <b class="primary--text">http://google.com</b>
      </p>
    </v-layout>
    <v-layout row="">
      <p class="pl-2">
        Pluralizing i18n:
        <b class="primary--text">framework</b>,
        <b class="primary--text">framework</b>,
        <b class="primary--text">framework</b>
      </p>
    </v-layout>
  </v-layout>
</v-container>
`;
