// Jest Snapshot v1, https://goo.gl/fbAQLP

exports[`Overview should render initial component 1`] = `
<v-container fluid="">
  <v-layout column="">
    <div class="title">Practical Examples</div>
    <div>00. Hello World - A bare-bones Hello World example.</div>
    <div>01. 101 Guide - Structuring Vue, Vue Router, Vuex for the Application.</div>
    <div>02. CRUD Operations - The four major functions implemented in applications.</div>
    <div>03. Form Controls - Text Fields, Selects, Picker, File Upload</div>
    <div>04. Data Table - Paginator, Iterator</div>
    <div>05. Internationalization - Translation</div>
    <div>06. Interactive Chart - Pie, Bar</div>
    <div>07. Authorization - Email/Password, Google, Facebook, Twitter, Instagram</div>
    <div>08. Payment - Stripe</div>
    <div>09. Messages - Send Email, Cloud Messaging, Chat Messages</div>
    <div>10. Machine Learning - Label Images</div>
  </v-layout>
</v-container>
`;
