// Vitest Snapshot v1, https://vitest.dev/guide/snapshot.html

exports[`Buttons 1`] = `
"<nav class=\\"rounded-md w-full mb-4\\">
  <ol class=\\"list-reset flex\\">
    <li><span class=\\"text-gray-500\\">Library</span></li>
    <li>
      <div class=\\"mx-2 flex items-center h-full\\">/</div>
    </li>
    <li><span class=\\"text-gray-500\\">General</span></li>
    <li>
      <div class=\\"mx-2 flex items-center h-full\\">/</div>
    </li>
    <li><span class=\\"text-gray-500\\">Buttons</span></li>
    <!--v-if-->
  </ol>
</nav>
<div class=\\"mb-4\\">
  <div class=\\"text-3xl font-bold\\">Buttons</div>
</div>
<div class=\\"flex flex-col border p-4 mb-4 gap-4\\">
  <div class=\\"mb-2\\"> Basic - The \`Button\` comes with three variants: contained (default), outlined, and text. </div>
  <div class=\\"flex space-x-2 justify-center\\"><button data-v-a0d7c982=\\"\\" type=\\"button\\" class=\\"button primary\\">
      <!--v-if-->Contained
    </button>
    <!--v-if-->
    <!--v-if-->
    <!--v-if--><button data-v-7f177110=\\"\\" class=\\"important:border-current button primary important:border-current\\" type=\\"button\\">
      <!--v-if-->Outlined
    </button>
    <!--v-if-->
    <!--v-if-->
    <!--v-if--><button data-v-7f177110=\\"\\" type=\\"button\\" class=\\"button primary\\">
      <!--v-if-->Text
    </button>
  </div>
</div>
<div class=\\"flex flex-col border p-4 mb-4\\">
  <div class=\\"mb-2\\">Contained</div>
  <div class=\\"flex space-x-2 justify-center py-4\\"><button data-v-a0d7c982=\\"\\" type=\\"button\\" class=\\"button primary\\">
      <!--v-if-->Primary
    </button>
    <!--v-if-->
    <!--v-if--><button data-v-a0d7c982=\\"\\" type=\\"button\\" class=\\"button secondary\\">
      <!--v-if-->Secondary
    </button>
    <!--v-if-->
    <!--v-if--><button data-v-a0d7c982=\\"\\" type=\\"button\\" class=\\"button success\\">
      <!--v-if-->Success
    </button>
    <!--v-if-->
    <!--v-if--><button data-v-a0d7c982=\\"\\" type=\\"button\\" class=\\"button danger\\">
      <!--v-if-->
      <div class=\\"i-fa-trash w-4 h-4\\"></div> Delete
    </button>
    <!--v-if-->
    <!--v-if--><button data-v-a0d7c982=\\"\\" type=\\"button\\" class=\\"button warning\\">
      <!--v-if-->Warning
    </button>
    <!--v-if-->
    <!--v-if--><button data-v-a0d7c982=\\"\\" type=\\"button\\" class=\\"button info icon\\">
      <div data-v-a0d7c982=\\"\\" class=\\"w-4 h-4 i-fa-question\\"></div>
    </button>
    <!--v-if-->
    <!--v-if-->
  </div>
  <div class=\\"flex space-x-2 justify-center bg-white dark:bg-slate-800 rounded-md shadow-md py-4\\"><button data-v-a0d7c982=\\"\\" type=\\"button\\" class=\\"button primary\\">
      <!--v-if-->Primary
    </button>
    <!--v-if-->
    <!--v-if--><button data-v-a0d7c982=\\"\\" type=\\"button\\" class=\\"button secondary\\">
      <!--v-if-->Secondary
    </button>
    <!--v-if-->
    <!--v-if--><button data-v-a0d7c982=\\"\\" type=\\"button\\" class=\\"button success icon\\">
      <div data-v-a0d7c982=\\"\\" class=\\"w-4 h-4 i-fa-plus\\"></div>
    </button>
    <!--v-if-->
    <!--v-if--><button data-v-a0d7c982=\\"\\" type=\\"button\\" class=\\"button danger\\">
      <!--v-if-->Danger
    </button>
    <!--v-if-->
    <!--v-if--><button data-v-a0d7c982=\\"\\" type=\\"button\\" class=\\"button warning\\">
      <!--v-if-->Warning
    </button>
    <!--v-if-->
    <!--v-if--><button data-v-a0d7c982=\\"\\" type=\\"button\\" class=\\"button info\\">
      <!--v-if-->Info
    </button>
    <!--v-if-->
    <!--v-if-->
  </div>
  <div class=\\"flex space-x-2 justify-center py-4\\"><button data-v-a0d7c982=\\"\\" type=\\"button\\" class=\\"button primary opacity-60 cursor-not-allowed\\" disabled=\\"\\">
      <!--v-if-->Primary
    </button>
    <!--v-if-->
    <!--v-if--><button data-v-a0d7c982=\\"\\" type=\\"button\\" class=\\"button secondary opacity-60 cursor-not-allowed\\" disabled=\\"\\">
      <!--v-if-->Secondary
    </button>
    <!--v-if-->
    <!--v-if--><button data-v-a0d7c982=\\"\\" type=\\"button\\" class=\\"button success opacity-60 cursor-not-allowed\\" disabled=\\"\\">
      <!--v-if-->Success
    </button>
    <!--v-if-->
    <!--v-if--><button data-v-a0d7c982=\\"\\" type=\\"button\\" class=\\"button danger opacity-60 cursor-not-allowed\\" disabled=\\"\\">
      <!--v-if-->Danger
    </button>
    <!--v-if-->
    <!--v-if--><button data-v-a0d7c982=\\"\\" type=\\"button\\" class=\\"button warning opacity-60 cursor-not-allowed\\" disabled=\\"\\">
      <!--v-if-->Warning
    </button>
    <!--v-if-->
    <!--v-if--><button data-v-a0d7c982=\\"\\" type=\\"button\\" class=\\"button info opacity-60 cursor-not-allowed\\" disabled=\\"\\">
      <!--v-if-->Info
    </button>
    <!--v-if-->
    <!--v-if-->
  </div>
  <div class=\\"flex space-x-2 justify-center bg-white dark:bg-slate-800 rounded-md shadow-md py-4\\"><button data-v-a0d7c982=\\"\\" type=\\"button\\" class=\\"button primary opacity-60 cursor-not-allowed\\" disabled=\\"\\">
      <!--v-if-->Primary
    </button>
    <!--v-if-->
    <!--v-if--><button data-v-a0d7c982=\\"\\" type=\\"button\\" class=\\"button secondary opacity-60 cursor-not-allowed\\" disabled=\\"\\">
      <!--v-if-->Secondary
    </button>
    <!--v-if-->
    <!--v-if--><button data-v-a0d7c982=\\"\\" type=\\"button\\" class=\\"button success opacity-60 cursor-not-allowed\\" disabled=\\"\\">
      <!--v-if-->Success
    </button>
    <!--v-if-->
    <!--v-if--><button data-v-a0d7c982=\\"\\" type=\\"button\\" class=\\"button danger opacity-60 cursor-not-allowed\\" disabled=\\"\\">
      <!--v-if-->Danger
    </button>
    <!--v-if-->
    <!--v-if--><button data-v-a0d7c982=\\"\\" type=\\"button\\" class=\\"button warning opacity-60 cursor-not-allowed\\" disabled=\\"\\">
      <!--v-if-->Warning
    </button>
    <!--v-if-->
    <!--v-if--><button data-v-a0d7c982=\\"\\" type=\\"button\\" class=\\"button info opacity-60 cursor-not-allowed\\" disabled=\\"\\">
      <!--v-if-->Info
    </button>
    <!--v-if-->
    <!--v-if-->
  </div>
</div>
<div class=\\"flex flex-col border p-4 mb-4\\">
  <div class=\\"mb-2\\">Outlined</div>
  <div class=\\"flex space-x-2 justify-center py-4\\">
    <!--v-if--><button data-v-7f177110=\\"\\" class=\\"important:border-current button primary icon important:border-current\\" type=\\"button\\">
      <div data-v-7f177110=\\"\\" class=\\"w-4 h-4 i-fa-download\\"></div>
    </button>
    <!--v-if-->
    <!--v-if--><button data-v-7f177110=\\"\\" class=\\"important:border-current button secondary important:border-current\\" type=\\"button\\">
      <!--v-if-->Secondary
    </button>
    <!--v-if-->
    <!--v-if--><button data-v-7f177110=\\"\\" class=\\"important:border-current button success important:border-current\\" type=\\"button\\">
      <!--v-if-->Success
    </button>
    <!--v-if-->
    <!--v-if--><button data-v-7f177110=\\"\\" class=\\"important:border-current button danger important:border-current\\" type=\\"button\\">
      <!--v-if-->Danger
    </button>
    <!--v-if-->
    <!--v-if--><button data-v-7f177110=\\"\\" class=\\"important:border-current button warning important:border-current\\" type=\\"button\\">
      <!--v-if-->Warning
    </button>
    <!--v-if-->
    <!--v-if--><button data-v-7f177110=\\"\\" class=\\"important:border-current button info important:border-current\\" type=\\"button\\">
      <!--v-if--> View <div class=\\"i-bx-detail w-4 h-4\\"></div>
    </button>
    <!--v-if-->
  </div>
  <div class=\\"flex space-x-2 justify-center bg-white dark:bg-slate-800 rounded-md shadow-md py-4\\">
    <!--v-if--><button data-v-7f177110=\\"\\" class=\\"important:border-current button primary important:border-current\\" type=\\"button\\">
      <!--v-if-->Primary
    </button>
    <!--v-if-->
    <!--v-if--><button data-v-7f177110=\\"\\" class=\\"important:border-current button secondary important:border-current\\" type=\\"button\\">
      <!--v-if-->Secondary
    </button>
    <!--v-if-->
    <!--v-if--><button data-v-7f177110=\\"\\" class=\\"important:border-current button success important:border-current\\" type=\\"button\\">
      <!--v-if-->Success
    </button>
    <!--v-if-->
    <!--v-if--><button data-v-7f177110=\\"\\" class=\\"important:border-current button danger important:border-current\\" type=\\"button\\">
      <!--v-if-->Danger
    </button>
    <!--v-if-->
    <!--v-if--><button data-v-7f177110=\\"\\" class=\\"important:border-current button warning icon important:border-current\\" type=\\"button\\">
      <div data-v-7f177110=\\"\\" class=\\"w-4 h-4 i-fa-exclamation\\"></div>
    </button>
    <!--v-if-->
    <!--v-if--><button data-v-7f177110=\\"\\" class=\\"important:border-current button info important:border-current\\" type=\\"button\\">
      <!--v-if-->Info
    </button>
    <!--v-if-->
  </div>
  <div class=\\"flex space-x-2 justify-center py-4\\">
    <!--v-if--><button data-v-7f177110=\\"\\" class=\\"important:border-current button primary opacity-60 cursor-not-allowed important:border-current\\" type=\\"button\\" disabled=\\"\\">
      <!--v-if-->Primary
    </button>
    <!--v-if-->
    <!--v-if--><button data-v-7f177110=\\"\\" class=\\"important:border-current button secondary opacity-60 cursor-not-allowed important:border-current\\" type=\\"button\\" disabled=\\"\\">
      <!--v-if-->Secondary
    </button>
    <!--v-if-->
    <!--v-if--><button data-v-7f177110=\\"\\" class=\\"important:border-current button success opacity-60 cursor-not-allowed important:border-current\\" type=\\"button\\" disabled=\\"\\">
      <!--v-if-->Success
    </button>
    <!--v-if-->
    <!--v-if--><button data-v-7f177110=\\"\\" class=\\"important:border-current button danger opacity-60 cursor-not-allowed important:border-current\\" type=\\"button\\" disabled=\\"\\">
      <!--v-if-->Danger
    </button>
    <!--v-if-->
    <!--v-if--><button data-v-7f177110=\\"\\" class=\\"important:border-current button warning opacity-60 cursor-not-allowed important:border-current\\" type=\\"button\\" disabled=\\"\\">
      <!--v-if-->Warning
    </button>
    <!--v-if-->
    <!--v-if--><button data-v-7f177110=\\"\\" class=\\"important:border-current button info opacity-60 cursor-not-allowed important:border-current\\" type=\\"button\\" disabled=\\"\\">
      <!--v-if-->Info
    </button>
    <!--v-if-->
  </div>
  <div class=\\"flex space-x-2 justify-center bg-white dark:bg-slate-800 rounded-md shadow-md py-4\\">
    <!--v-if--><button data-v-7f177110=\\"\\" class=\\"important:border-current button primary opacity-60 cursor-not-allowed important:border-current\\" type=\\"button\\" disabled=\\"\\">
      <!--v-if-->Primary
    </button>
    <!--v-if-->
    <!--v-if--><button data-v-7f177110=\\"\\" class=\\"important:border-current button secondary opacity-60 cursor-not-allowed important:border-current\\" type=\\"button\\" disabled=\\"\\">
      <!--v-if-->Secondary
    </button>
    <!--v-if-->
    <!--v-if--><button data-v-7f177110=\\"\\" class=\\"important:border-current button success opacity-60 cursor-not-allowed important:border-current\\" type=\\"button\\" disabled=\\"\\">
      <!--v-if-->Success
    </button>
    <!--v-if-->
    <!--v-if--><button data-v-7f177110=\\"\\" class=\\"important:border-current button danger opacity-60 cursor-not-allowed important:border-current\\" type=\\"button\\" disabled=\\"\\">
      <!--v-if-->Danger
    </button>
    <!--v-if-->
    <!--v-if--><button data-v-7f177110=\\"\\" class=\\"important:border-current button warning opacity-60 cursor-not-allowed important:border-current\\" type=\\"button\\" disabled=\\"\\">
      <!--v-if-->Warning
    </button>
    <!--v-if-->
    <!--v-if--><button data-v-7f177110=\\"\\" class=\\"important:border-current button info opacity-60 cursor-not-allowed important:border-current\\" type=\\"button\\" disabled=\\"\\">
      <!--v-if-->Info
    </button>
    <!--v-if-->
  </div>
</div>
<div class=\\"flex flex-col border p-4 mb-4\\">
  <div class=\\"mb-2\\">Text</div>
  <div class=\\"flex space-x-2 justify-center py-4\\">
    <!--v-if-->
    <!--v-if--><button data-v-7f177110=\\"\\" type=\\"button\\" class=\\"button primary\\">
      <!--v-if-->Primary
    </button>
    <!--v-if-->
    <!--v-if--><button data-v-7f177110=\\"\\" type=\\"button\\" class=\\"button secondary icon\\">
      <div data-v-7f177110=\\"\\" class=\\"w-4 h-4 i-fa-share-square-o\\"></div>
    </button>
    <!--v-if-->
    <!--v-if--><button data-v-7f177110=\\"\\" type=\\"button\\" class=\\"button success\\">
      <!--v-if-->Success
    </button>
    <!--v-if-->
    <!--v-if--><button data-v-7f177110=\\"\\" type=\\"button\\" class=\\"button danger\\">
      <!--v-if-->Danger
    </button>
    <!--v-if-->
    <!--v-if--><button data-v-7f177110=\\"\\" type=\\"button\\" class=\\"button warning\\">
      <!--v-if-->Warning
    </button>
    <!--v-if-->
    <!--v-if--><button data-v-7f177110=\\"\\" type=\\"button\\" class=\\"button info\\">
      <!--v-if-->Info
    </button>
  </div>
  <div class=\\"flex space-x-2 justify-center bg-white dark:bg-slate-800 rounded-md shadow-md py-4\\">
    <!--v-if-->
    <!--v-if--><button data-v-7f177110=\\"\\" type=\\"button\\" class=\\"button primary\\">
      <!--v-if--> Send <div class=\\"i-fa-send w-4 h-4\\"></div>
    </button>
    <!--v-if-->
    <!--v-if--><button data-v-7f177110=\\"\\" type=\\"button\\" class=\\"button secondary\\">
      <!--v-if-->Secondary
    </button>
    <!--v-if-->
    <!--v-if--><button data-v-7f177110=\\"\\" type=\\"button\\" class=\\"button success\\">
      <!--v-if-->Success
    </button>
    <!--v-if-->
    <!--v-if--><button data-v-7f177110=\\"\\" type=\\"button\\" class=\\"button danger icon\\">
      <div data-v-7f177110=\\"\\" class=\\"w-4 h-4 i-fa-minus\\"></div>
    </button>
    <!--v-if-->
    <!--v-if--><button data-v-7f177110=\\"\\" type=\\"button\\" class=\\"button warning\\">
      <!--v-if-->Warning
    </button>
    <!--v-if-->
    <!--v-if--><button data-v-7f177110=\\"\\" type=\\"button\\" class=\\"button info\\">
      <!--v-if-->Info
    </button>
  </div>
  <div class=\\"flex space-x-2 justify-center py-4\\">
    <!--v-if-->
    <!--v-if--><button data-v-7f177110=\\"\\" type=\\"button\\" class=\\"button primary opacity-60 cursor-not-allowed\\" disabled=\\"\\">
      <!--v-if-->Primary
    </button>
    <!--v-if-->
    <!--v-if--><button data-v-7f177110=\\"\\" type=\\"button\\" class=\\"button secondary opacity-60 cursor-not-allowed\\" disabled=\\"\\">
      <!--v-if-->Secondary
    </button>
    <!--v-if-->
    <!--v-if--><button data-v-7f177110=\\"\\" type=\\"button\\" class=\\"button success opacity-60 cursor-not-allowed\\" disabled=\\"\\">
      <!--v-if-->Success
    </button>
    <!--v-if-->
    <!--v-if--><button data-v-7f177110=\\"\\" type=\\"button\\" class=\\"button danger opacity-60 cursor-not-allowed\\" disabled=\\"\\">
      <!--v-if-->Danger
    </button>
    <!--v-if-->
    <!--v-if--><button data-v-7f177110=\\"\\" type=\\"button\\" class=\\"button warning opacity-60 cursor-not-allowed\\" disabled=\\"\\">
      <!--v-if-->Warning
    </button>
    <!--v-if-->
    <!--v-if--><button data-v-7f177110=\\"\\" type=\\"button\\" class=\\"button info opacity-60 cursor-not-allowed\\" disabled=\\"\\">
      <!--v-if-->Info
    </button>
  </div>
  <div class=\\"flex space-x-2 justify-center bg-white dark:bg-slate-800 rounded-md shadow-md py-4\\">
    <!--v-if-->
    <!--v-if--><button data-v-7f177110=\\"\\" type=\\"button\\" class=\\"button primary opacity-60 cursor-not-allowed\\" disabled=\\"\\">
      <!--v-if-->Primary
    </button>
    <!--v-if-->
    <!--v-if--><button data-v-7f177110=\\"\\" type=\\"button\\" class=\\"button secondary opacity-60 cursor-not-allowed\\" disabled=\\"\\">
      <!--v-if-->Secondary
    </button>
    <!--v-if-->
    <!--v-if--><button data-v-7f177110=\\"\\" type=\\"button\\" class=\\"button success opacity-60 cursor-not-allowed\\" disabled=\\"\\">
      <!--v-if-->Success
    </button>
    <!--v-if-->
    <!--v-if--><button data-v-7f177110=\\"\\" type=\\"button\\" class=\\"button danger opacity-60 cursor-not-allowed\\" disabled=\\"\\">
      <!--v-if-->Danger
    </button>
    <!--v-if-->
    <!--v-if--><button data-v-7f177110=\\"\\" type=\\"button\\" class=\\"button warning opacity-60 cursor-not-allowed\\" disabled=\\"\\">
      <!--v-if-->Warning
    </button>
    <!--v-if-->
    <!--v-if--><button data-v-7f177110=\\"\\" type=\\"button\\" class=\\"button info opacity-60 cursor-not-allowed\\" disabled=\\"\\">
      <!--v-if-->Info
    </button>
  </div>
</div>"
`;
